[themesground.com/bigshop/V2/index.html]
[backblue.gif]
[fade.gif]
[index.html]
[themesground.com/bigshop/V2/assets/css/bootstrap.min.css]
[themesground.com/bigshop/V2/assets/css/main.css]
[themesground.com/bigshop/V2/assets/css/blue.css]
[themesground.com/bigshop/V2/assets/css/owl.carousel.css]
[themesground.com/bigshop/V2/assets/css/animate.min.css]
[themesground.com/bigshop/V2/assets/css/rateit.css]
[themesground.com/bigshop/V2/assets/css/bootstrap-select.min.css]
[themesground.com/bigshop/V2/assets/css/font-awesome.css]
[themesground.com/bigshop/V2/assets/images/logo.png]
[themesground.com/bigshop/V2/home.html]
[themesground.com/bigshop/V2/category.html]
[themesground.com/bigshop/V2/assets/images/banners/top-banner-img.jpg]
[themesground.com/bigshop/V2/assets/images/cart.png]
[themesground.com/bigshop/V2/detail.html]
[themesground.com/bigshop/V2/assets/images/cart.jpg]
[themesground.com/bigshop/V2/checkout.html]
[themesground.com/bigshop/V2/assets/images/banners/top-menu-banner.jpg]
[themesground.com/bigshop/V2/assets/images/banners/banner-side.png]
[themesground.com/bigshop/V2/contact.html]
[themesground.com/bigshop/V2/shopping-cart.html]
[themesground.com/bigshop/V2/blog.html]
[themesground.com/bigshop/V2/blog-details.html]
[themesground.com/bigshop/V2/sign-in.html]
[themesground.com/bigshop/V2/my-wishlist.html]
[themesground.com/bigshop/V2/terms-conditions.html]
[themesground.com/bigshop/V2/track-orders.html]
[themesground.com/bigshop/V2/faq.html]
[themesground.com/bigshop/V2/404.html]
[themesground.com/bigshop/V2/assets/images/sliders/01.jpg]
[themesground.com/bigshop/V2/assets/images/sliders/02.jpg]
[themesground.com/bigshop/V2/assets/images/banners/small-2.jpg]
[themesground.com/bigshop/V2/assets/images/banners/small-3.jpg]
[themesground.com/bigshop/V2/assets/images/banners/small-1.jpg]
[themesground.com/bigshop/V2/assets/images/banners/promo-banner.jpg]
[themesground.com/bigshop/V2/assets/images/hot-deals/p8.jpg]
[themesground.com/bigshop/V2/assets/images/hot-deals/p5.jpg]
[themesground.com/bigshop/V2/assets/images/hot-deals/p10.jpg]
[themesground.com/bigshop/V2/assets/images/products/p30.jpg]
[themesground.com/bigshop/V2/assets/images/products/p29.jpg]
[themesground.com/bigshop/V2/assets/images/products/p28.jpg]
[themesground.com/bigshop/V2/assets/images/products/p27.jpg]
[themesground.com/bigshop/V2/assets/images/products/p26.jpg]
[themesground.com/bigshop/V2/assets/images/products/p25.jpg]
[themesground.com/bigshop/V2/assets/images/products/p24.jpg]
[themesground.com/bigshop/V2/assets/images/products/p23.jpg]
[themesground.com/bigshop/V2/assets/images/products/p22.jpg]
[themesground.com/bigshop/V2/assets/images/products/p15.jpg]
[themesground.com/bigshop/V2/assets/images/products/p18.jpg]
[themesground.com/bigshop/V2/assets/images/products/p17.jpg]
[themesground.com/bigshop/V2/assets/images/products/p16.jpg]
[themesground.com/bigshop/V2/assets/images/products/p14.jpg]
[themesground.com/bigshop/V2/assets/images/products/p13.jpg]
[themesground.com/bigshop/V2/assets/images/testimonials/member1.png]
[themesground.com/bigshop/V2/assets/images/testimonials/member3.png]
[themesground.com/bigshop/V2/assets/images/testimonials/member2.png]
[themesground.com/bigshop/V2/assets/images/banners/LHS-banner.jpg]
[themesground.com/bigshop/V2/assets/images/products/p20.jpg]
[themesground.com/bigshop/V2/assets/images/products/p12.jpg]
[themesground.com/bigshop/V2/assets/images/products/p4.jpg]
[themesground.com/bigshop/V2/assets/images/products/p2.jpg]
[themesground.com/bigshop/V2/assets/images/products/p5.jpg]
[themesground.com/bigshop/V2/assets/images/products/p6.jpg]
[themesground.com/bigshop/V2/assets/images/products/p7.jpg]
[themesground.com/bigshop/V2/assets/images/products/p8.jpg]
[themesground.com/bigshop/V2/assets/images/products/p9.jpg]
[themesground.com/bigshop/V2/assets/images/products/p10.jpg]
[themesground.com/bigshop/V2/assets/images/products/p11.jpg]
[themesground.com/bigshop/V2/assets/images/banners/home-banner1.jpg]
[themesground.com/bigshop/V2/assets/images/banners/home-banner2.jpg]
[themesground.com/bigshop/V2/assets/images/blank.gif]
[themesground.com/bigshop/V2/assets/images/banners/home-banner.jpg]
[themesground.com/bigshop/V2/assets/images/products/p21.jpg]
[themesground.com/bigshop/V2/assets/images/blog-post/post1.jpg]
[themesground.com/bigshop/V2/assets/images/blog-post/post2.jpg]
[themesground.com/bigshop/V2/assets/images/products/p1.jpg]
[themesground.com/bigshop/V2/assets/images/products/p3.jpg]
[themesground.com/bigshop/V2/assets/images/payments/1.png]
[themesground.com/bigshop/V2/assets/images/payments/2.png]
[themesground.com/bigshop/V2/assets/images/payments/3.png]
[themesground.com/bigshop/V2/assets/images/payments/4.png]
[themesground.com/bigshop/V2/assets/images/payments/5.png]
[themesground.com/bigshop/V2/assets/js/jquery-1.11.1.min.js]
[themesground.com/bigshop/V2/assets/js/bootstrap.min.js]
[themesground.com/bigshop/V2/assets/js/bootstrap-hover-dropdown.min.js]
[themesground.com/bigshop/V2/assets/js/owl.carousel.min.js]
[themesground.com/bigshop/V2/assets/js/echo.min.js]
[themesground.com/bigshop/V2/assets/js/jquery.easing-1.3.min.js]
[themesground.com/bigshop/V2/assets/js/jquery.rateit.min.js]
[themesground.com/bigshop/V2/assets/js/bootstrap-slider.min.js]
[themesground.com/bigshop/V2/assets/js/lightbox.min.js]
[themesground.com/bigshop/V2/assets/js/bootstrap-select.min.js]
[themesground.com/bigshop/V2/assets/js/wow.min.js]
[themesground.com/bigshop/V2/assets/js/scripts.js]
[themesground.com/bigshop/V2/index.html]
[themesground.com/bigshop/V2/assets/fonts/glyphicons-halflings-regular.eot]
[themesground.com/bigshop/V2/assets/fonts/glyphicons-halflings-regular.woff]
[themesground.com/bigshop/V2/assets/fonts/glyphicons-halflings-regulard41d.eot]
[themesground.com/bigshop/V2/assets/fonts/glyphicons-halflings-regular.ttf]
[themesground.com/bigshop/V2/assets/css/bootstrap.min.css]
[themesground.com/bigshop/V2/assets/images/ajax.gif]
[themesground.com/bigshop/V2/assets/images/header-bg.png]
[themesground.com/bigshop/V2/assets/images/line-bg.png]
[themesground.com/bigshop/V2/assets/images/label.png]
[themesground.com/bigshop/V2/assets/css/main.css]
[themesground.com/bigshop/V2/assets/css/blue.css]
[themesground.com/bigshop/V2/assets/fonts/Simple-Line-Icons.eot]
[themesground.com/bigshop/V2/assets/fonts/Simple-Line-Iconsd41d.eot]
[themesground.com/bigshop/V2/assets/fonts/Simple-Line-Icons.woff]
[themesground.com/bigshop/V2/assets/fonts/Simple-Line-Icons.ttf]
[themesground.com/bigshop/V2/assets/css/simple-line-icons.css]
[themesground.com/bigshop/V2/assets/css/owl.carousel.css]
[themesground.com/bigshop/V2/assets/css/owl.transitions.css]
[themesground.com/bigshop/V2/assets/css/animate.min.css]
[themesground.com/bigshop/V2/assets/css/images/star-small.png]
[themesground.com/bigshop/V2/assets/css/images/delete.gif]
[themesground.com/bigshop/V2/assets/css/rateit.css]
[themesground.com/bigshop/V2/assets/css/bootstrap-select.min.css]
[themesground.com/bigshop/V2/assets/fonts/fontawesome-webfont9efe.eot]
[themesground.com/bigshop/V2/assets/fonts/fontawesome-webfontd41d.eot]
[themesground.com/bigshop/V2/assets/fonts/fontawesome-webfont9efe.woff2]
[themesground.com/bigshop/V2/assets/fonts/fontawesome-webfont9efe.woff]
[themesground.com/bigshop/V2/assets/fonts/fontawesome-webfont9efe.ttf]
[themesground.com/bigshop/V2/assets/css/font-awesome.css]
[themesground.com/bigshop/V2/home.html]
[themesground.com/bigshop/V2/assets/images/banners/cat-banner-1.jpg]
[themesground.com/bigshop/V2/category.html]
[themesground.com/bigshop/V2/assets/images/products/p19.jpg]
[themesground.com/bigshop/V2/detail.html]
[themesground.com/bigshop/V2/index8a95.html]
[themesground.com/bigshop/V2/checkout.html]
[themesground.com/bigshop/V2/contact.html]
[themesground.com/bigshop/V2/shopping-cart.html]
[themesground.com/bigshop/V2/assets/images/blog-post/blog_big_01.jpg]
[themesground.com/bigshop/V2/assets/images/blog-post/blog_big_02.jpg]
[themesground.com/bigshop/V2/assets/images/blog-post/blog_big_03.jpg]
[themesground.com/bigshop/V2/blog.html]
[themesground.com/bigshop/V2/assets/images/testimonials/member4.png]
[themesground.com/bigshop/V2/blog-details.html]
[themesground.com/bigshop/V2/sign-in.html]
[themesground.com/bigshop/V2/my-wishlist.html]
[themesground.com/bigshop/V2/terms-conditions.html]
[themesground.com/bigshop/V2/track-orders.html]
[themesground.com/bigshop/V2/product-comparison.html]
[themesground.com/bigshop/V2/faq.html]
[themesground.com/bigshop/V2/404.html]
[themesground.com/bigshop/V2/index6c11.html]
[themesground.com/bigshop/V2/contact-us.html]
[themesground.com/bigshop/V2/assets/fonts/glyphicons-halflings-regular.svg]
[themesground.com/bigshop/V2/assets/fonts/Simple-Line-Icons.svg]
[themesground.com/bigshop/V2/assets/css/grabbing.html]
[themesground.com/bigshop/V2/assets/css/images/star.html]
[themesground.com/bigshop/V2/assets/fonts/fontawesome-webfont9efe.svg]
[themesground.com/bigshop/V2/assets/images/close.png]
[themesground.com/bigshop/V2/assets/images/loading.gif]
[themesground.com/bigshop/V2/assets/images/prev.png]
[themesground.com/bigshop/V2/assets/images/next.png]
[themesground.com/bigshop/V2/assets/css/lightbox.css]
[themesground.com/bigshop/V2/switchstylesheet/switchstylesheet.html]
