[hencework.com/theme/philbert/full-width-light/index2.html]
[backblue.gif]
[fade.gif]
[index.html]
[hencework.com/theme/philbert/full-width-light/favicon.ico]
[hencework.com/theme/philbert/full-width-light/index.html]
[hencework.com/theme/philbert/img/logo.png]
[hencework.com/theme/philbert/full-width-light/weather.html]
[hencework.com/theme/philbert/full-width-light/inbox.html]
[hencework.com/theme/philbert/full-width-light/calendar.html]
[hencework.com/theme/philbert/full-width-light/vector-map.html]
[hencework.com/theme/philbert/full-width-light/chats.html]
[hencework.com/theme/philbert/full-width-light/contact-card.html]
[hencework.com/theme/philbert/full-width-light/index3.html]
[hencework.com/theme/philbert/full-width-light/index4.html]
[hencework.com/theme/philbert/full-width-light/index5.html]
[hencework.com/theme/philbert/full-width-light/index6.html]
[hencework.com/theme/philbert/full-width-light/profile.html]
[hencework.com/theme/philbert/full-width-light/e-commerce.html]
[hencework.com/theme/philbert/full-width-light/product.html]
[hencework.com/theme/philbert/full-width-light/product-detail.html]
[hencework.com/theme/philbert/full-width-light/add-products.html]
[hencework.com/theme/philbert/full-width-light/product-orders.html]
[hencework.com/theme/philbert/full-width-light/product-cart.html]
[hencework.com/theme/philbert/full-width-light/product-checkout.html]
[hencework.com/theme/philbert/img/chair.jpg]
[hencework.com/theme/philbert/img/chair2.jpg]
[hencework.com/theme/philbert/img/chair3.jpg]
[hencework.com/theme/philbert/img/chair4.jpg]
[hencework.com/theme/philbert/img/avatar.jpg]
[hencework.com/theme/philbert/img/user1.png]
[hencework.com/theme/philbert/full-width-light/inbox-detail.html]
[hencework.com/theme/philbert/full-width-light/contact-list.html]
[hencework.com/theme/philbert/full-width-light/file-manager.html]
[hencework.com/theme/philbert/full-width-light/todo-tasklist.html]
[hencework.com/theme/philbert/full-width-light/widgets.html]
[hencework.com/theme/philbert/full-width-light/panels-wells.html]
[hencework.com/theme/philbert/full-width-light/modals.html]
[hencework.com/theme/philbert/full-width-light/sweetalert.html]
[hencework.com/theme/philbert/full-width-light/notifications.html]
[hencework.com/theme/philbert/full-width-light/typography.html]
[hencework.com/theme/philbert/full-width-light/buttons.html]
[hencework.com/theme/philbert/full-width-light/accordion-toggle.html]
[hencework.com/theme/philbert/full-width-light/tabs.html]
[hencework.com/theme/philbert/full-width-light/progressbars.html]
[hencework.com/theme/philbert/full-width-light/skills-counter.html]
[hencework.com/theme/philbert/full-width-light/pricing.html]
[hencework.com/theme/philbert/full-width-light/nestable.html]
[hencework.com/theme/philbert/full-width-light/dorpdown.html]
[hencework.com/theme/philbert/full-width-light/bootstrap-treeview.html]
[hencework.com/theme/philbert/full-width-light/carousel.html]
[hencework.com/theme/philbert/full-width-light/range-slider.html]
[hencework.com/theme/philbert/full-width-light/grid-styles.html]
[hencework.com/theme/philbert/full-width-light/bootstrap-ui.html]
[hencework.com/theme/philbert/full-width-light/form-element.html]
[hencework.com/theme/philbert/full-width-light/form-layout.html]
[hencework.com/theme/philbert/full-width-light/form-advanced.html]
[hencework.com/theme/philbert/full-width-light/form-mask.html]
[hencework.com/theme/philbert/full-width-light/form-picker.html]
[hencework.com/theme/philbert/full-width-light/form-validation.html]
[hencework.com/theme/philbert/full-width-light/form-wizard.html]
[hencework.com/theme/philbert/full-width-light/form-x-editable.html]
[hencework.com/theme/philbert/full-width-light/cropperjs.html]
[hencework.com/theme/philbert/full-width-light/form-file-upload.html]
[hencework.com/theme/philbert/full-width-light/dropzone.html]
[hencework.com/theme/philbert/full-width-light/bootstrap-wysihtml5.html]
[hencework.com/theme/philbert/full-width-light/tinymce-wysihtml5.html]
[hencework.com/theme/philbert/full-width-light/summernote-wysihtml5.html]
[hencework.com/theme/philbert/full-width-light/typeahead-js.html]
[hencework.com/theme/philbert/full-width-light/flot-chart.html]
[hencework.com/theme/philbert/full-width-light/morris-chart.html]
[hencework.com/theme/philbert/full-width-light/chart.js.html]
[hencework.com/theme/philbert/full-width-light/chartist.html]
[hencework.com/theme/philbert/full-width-light/easy-pie-chart.html]
[hencework.com/theme/philbert/full-width-light/sparkline.html]
[hencework.com/theme/philbert/full-width-light/peity-chart.html]
[hencework.com/theme/philbert/full-width-light/basic-table.html]
[hencework.com/theme/philbert/full-width-light/bootstrap-table.html]
[hencework.com/theme/philbert/full-width-light/data-table.html]
[hencework.com/theme/philbert/full-width-light/export-table.html]
[hencework.com/theme/philbert/full-width-light/responsive-data-table.html]
[hencework.com/theme/philbert/full-width-light/responsive-table.html]
[hencework.com/theme/philbert/full-width-light/editable-table.html]
[hencework.com/theme/philbert/full-width-light/foo-table.html]
[hencework.com/theme/philbert/full-width-light/jsgrid-table.html]
[hencework.com/theme/philbert/full-width-light/fontawesome.html]
[hencework.com/theme/philbert/full-width-light/themify.html]
[hencework.com/theme/philbert/full-width-light/linea-icon.html]
[hencework.com/theme/philbert/full-width-light/simple-line-icons.html]
[hencework.com/theme/philbert/full-width-light/pe-icon-7.html]
[hencework.com/theme/philbert/full-width-light/glyphicons.html]
[hencework.com/theme/philbert/full-width-light/google-map.html]
[hencework.com/theme/philbert/full-width-light/blank.html]
[hencework.com/theme/philbert/full-width-light/login.html]
[hencework.com/theme/philbert/full-width-light/signup.html]
[hencework.com/theme/philbert/full-width-light/forgot-password.html]
[hencework.com/theme/philbert/full-width-light/reset-password.html]
[hencework.com/theme/philbert/full-width-light/locked.html]
[hencework.com/theme/philbert/full-width-light/invoice.html]
[hencework.com/theme/philbert/full-width-light/invoice-archive.html]
[hencework.com/theme/philbert/full-width-light/404.html]
[hencework.com/theme/philbert/full-width-light/500.html]
[hencework.com/theme/philbert/full-width-light/gallery.html]
[hencework.com/theme/philbert/full-width-light/timeline.html]
[hencework.com/theme/philbert/full-width-light/faq.html]
[hencework.com/theme/philbert/full-width-light/documentation.html]
[hencework.com/theme/philbert/img/user.png]
[hencework.com/theme/philbert/img/user2.png]
[hencework.com/theme/philbert/img/user3.png]
[hencework.com/theme/philbert/img/user4.png]
[hencework.com/theme/philbert/img/country/01-flag.png]
[hencework.com/theme/philbert/img/country/02-flag.png]
[hencework.com/theme/philbert/img/country/03-flag.png]
[hencework.com/theme/philbert/img/country/04-flag.png]
[hencework.com/theme/philbert/img/country/05-flag.png]
[hencework.com/theme/philbert/img/country/06-flag.png]
[hencework.com/theme/philbert/img/country/07-flag.png]
[hencework.com/theme/vendors/bower_components/jquery/dist/jquery.min.js]
[hencework.com/theme/vendors/bower_components/bootstrap/dist/js/bootstrap.min.js]
[hencework.com/theme/vendors/vectormap/jquery-jvectormap-2.0.2.min.js]
[hencework.com/theme/vendors/vectormap/jquery-jvectormap-world-mill-en.js]
[hencework.com/theme/philbert/full-width-light/dist/js/vectormap-data.js]
[hencework.com/theme/vendors/bower_components/datatables/media/js/jquery.dataTables.min.js]
[hencework.com/theme/vendors/bower_components/Flot/excanvas.min.js]
[hencework.com/theme/vendors/bower_components/Flot/jquery.flot.js]
[hencework.com/theme/vendors/bower_components/Flot/jquery.flot.pie.js]
[hencework.com/theme/vendors/bower_components/Flot/jquery.flot.resize.js]
[hencework.com/theme/vendors/bower_components/Flot/jquery.flot.time.js]
[hencework.com/theme/vendors/bower_components/Flot/jquery.flot.stack.js]
[hencework.com/theme/vendors/bower_components/Flot/jquery.flot.crosshair.js]
[hencework.com/theme/vendors/bower_components/flot.tooltip/js/jquery.flot.tooltip.min.js]
[hencework.com/theme/philbert/full-width-light/dist/js/flot-data.js]
[hencework.com/theme/philbert/full-width-light/dist/js/jquery.slimscroll.js]
[hencework.com/theme/vendors/bower_components/moment/min/moment.min.js]
[hencework.com/theme/vendors/bower_components/simpleWeather/jquery.simpleWeather.min.js]
[hencework.com/theme/philbert/full-width-light/dist/js/simpleweather-data.js]
[hencework.com/theme/vendors/bower_components/waypoints/lib/jquery.waypoints.min.js]
[hencework.com/theme/vendors/bower_components/jquery.counterup/jquery.counterup.min.js]
[hencework.com/theme/philbert/full-width-light/dist/js/dropdown-bootstrap-extended.js]
[hencework.com/theme/vendors/jquery.sparkline/dist/jquery.sparkline.min.js]
[hencework.com/theme/vendors/bower_components/owl.carousel/dist/owl.carousel.min.js]
[hencework.com/theme/vendors/chart.js/Chart.min.js]
[hencework.com/theme/vendors/bower_components/chartist/dist/chartist.min.js]
[hencework.com/theme/vendors/bower_components/jquery.easy-pie-chart/dist/jquery.easypiechart.min.js]
[hencework.com/theme/vendors/bower_components/raphael/raphael.min.js]
[hencework.com/theme/vendors/bower_components/morris.js/morris.min.js]
[hencework.com/theme/vendors/bower_components/jquery-toast-plugin/dist/jquery.toast.min.js]
[hencework.com/theme/vendors/bower_components/switchery/dist/switchery.min.js]
[hencework.com/theme/vendors/bower_components/bootstrap-select/dist/js/bootstrap-select.min.js]
[hencework.com/theme/philbert/full-width-light/dist/js/init.js]
[hencework.com/theme/philbert/full-width-light/dist/js/dashboard2-data.js]
[hencework.com/theme/philbert/full-width-light/index2.html]
[hencework.com/theme/vendors/bower_components/morris.js/morris.css]
[hencework.com/theme/vendors/bower_components/chartist/dist/chartist.min.css]
[hencework.com/theme/vendors/bower_components/datatables/media/images/sort_both.png]
[hencework.com/theme/vendors/bower_components/datatables/media/images/sort_asc.png]
[hencework.com/theme/vendors/bower_components/datatables/media/images/sort_desc.png]
[hencework.com/theme/vendors/bower_components/datatables/media/images/sort_asc_disabled.png]
[hencework.com/theme/vendors/bower_components/datatables/media/images/sort_desc_disabled.png]
[hencework.com/theme/vendors/bower_components/datatables/media/css/jquery.dataTables.min.css]
[hencework.com/theme/vendors/bower_components/jquery-toast-plugin/dist/jquery.toast.min.css]
[hencework.com/theme/vendors/bower_components/bootstrap-select/dist/css/bootstrap-select.min.css]
[hencework.com/theme/vendors/bower_components/switchery/dist/switchery.min.css]
[hencework.com/theme/vendors/vectormap/jquery-jvectormap-2.0.2.css]
[hencework.com/theme/philbert/full-width-light/dist/css/style.css]
[hencework.com/theme/philbert/full-width-light/dist/js/dashboard-data.js]
[hencework.com/theme/philbert/full-width-light/index.html]
[hencework.com/theme/philbert/full-width-light/weather.html]
[hencework.com/theme/vendors/bower_components/wysihtml5x/dist/wysihtml5x.min.js]
[hencework.com/theme/vendors/bower_components/bootstrap3-wysihtml5-bower/dist/bootstrap3-wysihtml5.all.js]
[hencework.com/theme/philbert/full-width-light/dist/js/bootstrap-wysuhtml5-data.js]
[hencework.com/theme/philbert/full-width-light/inbox.html]
[hencework.com/theme/vendors/jquery-ui.min.js]
[hencework.com/theme/vendors/bower_components/fullcalendar/dist/fullcalendar.min.js]
[hencework.com/theme/philbert/full-width-light/dist/js/fullcalendar-data.js]
[hencework.com/theme/philbert/full-width-light/calendar.html]
[hencework.com/theme/vendors/vectormap/jquery-jvectormap-in-mill.js]
[hencework.com/theme/vendors/vectormap/jquery-jvectormap-uk-mill-en.js]
[hencework.com/theme/vendors/vectormap/jquery-jvectormap-us-aea-en.js]
[hencework.com/theme/vendors/vectormap/jquery-jvectormap-au-mill.js]
[hencework.com/theme/philbert/full-width-light/vector-map.html]
[hencework.com/theme/philbert/full-width-light/chats.html]
[hencework.com/theme/philbert/full-width-light/contact-card.html]
[hencework.com/theme/philbert/full-width-light/dist/js/productorders-data.js]
[hencework.com/theme/philbert/full-width-light/dist/js/chartist-data.js]
[hencework.com/theme/philbert/full-width-light/dist/js/dashboard3-data.js]
[hencework.com/theme/philbert/full-width-light/index3.html]
[hencework.com/theme/philbert/full-width-light/dist/js/dashboard4-data.js]
[hencework.com/theme/philbert/full-width-light/index4.html]
[hencework.com/theme/philbert/full-width-light/dist/js/dashboard5-data.js]
[hencework.com/theme/philbert/full-width-light/index5.html]
[hencework.com/theme/philbert/img/thumb-1.jpg]
[hencework.com/theme/philbert/img/thumb-2.jpg]
[hencework.com/theme/philbert/img/thumb-3.jpg]
[hencework.com/theme/vendors/bower_components/peity/jquery.peity.min.js]
[hencework.com/theme/philbert/full-width-light/dist/js/peity-data.js]
[hencework.com/theme/philbert/full-width-light/dist/js/dashboard6-data.js]
[hencework.com/theme/philbert/full-width-light/index6.html]
[hencework.com/theme/philbert/img/mock1.jpg]
[hencework.com/theme/philbert/img/gallery/equal-size/mock1.jpg]
[hencework.com/theme/philbert/img/gallery/equal-size/mock2.jpg]
[hencework.com/theme/philbert/img/gallery/equal-size/mock3.jpg]
[hencework.com/theme/philbert/img/gallery/equal-size/mock4.jpg]
[hencework.com/theme/philbert/img/gallery/equal-size/mock5.jpg]
[hencework.com/theme/philbert/img/gallery/equal-size/mock6.jpg]
[hencework.com/theme/philbert/img/gallery/equal-size/mock7.jpg]
[hencework.com/theme/philbert/img/gallery/equal-size/mock8.jpg]
[hencework.com/theme/philbert/full-width-light/dist/js/skills-counter-data.js]
[hencework.com/theme/philbert/full-width-light/dist/js/morris-data.js]
[hencework.com/theme/philbert/full-width-light/dist/js/isotope.js]
[hencework.com/theme/philbert/full-width-light/dist/js/lightgallery-all.js]
[hencework.com/theme/philbert/full-width-light/dist/js/froogaloop2.min.js]
[hencework.com/theme/philbert/full-width-light/dist/js/gallery-data.js]
[hencework.com/theme/philbert/full-width-light/dist/js/twitterFetcher.js]
[hencework.com/theme/philbert/full-width-light/dist/js/spectragram.min.js]
[hencework.com/theme/philbert/full-width-light/dist/js/widgets-data.js]
[hencework.com/theme/philbert/full-width-light/profile.html]
[hencework.com/theme/philbert/full-width-light/dist/js/ecommerce-data.js]
[hencework.com/theme/philbert/full-width-light/e-commerce.html]
[hencework.com/theme/vendors/bower_components/sweetalert/dist/sweetalert.min.js]
[hencework.com/theme/philbert/full-width-light/dist/js/sweetalert-data.js]
[hencework.com/theme/philbert/full-width-light/product.html]
[hencework.com/theme/philbert/img/gallery/mock1.jpg]
[hencework.com/theme/philbert/img/gallery/mock4.jpg]
[hencework.com/theme/vendors/bower_components/jquery.steps/build/jquery.steps.min.js]
[hencework.com/theme/vendors/bower_components/bootstrap-touchspin/dist/jquery.bootstrap-touchspin.min.js]
[hencework.com/theme/philbert/full-width-light/dist/js/starrr.js]
[hencework.com/theme/philbert/full-width-light/dist/js/product-detail-data.js]
[hencework.com/theme/philbert/full-width-light/product-detail.html]
[hencework.com/theme/philbert/full-width-light/add-products.html]
[hencework.com/theme/philbert/full-width-light/product-orders.html]
[hencework.com/theme/philbert/full-width-light/dist/js/product-cart-data.js]
[hencework.com/theme/philbert/full-width-light/product-cart.html]
[hencework.com/theme/philbert/img/1-s.png]
[hencework.com/theme/philbert/img/2-s.png]
[hencework.com/theme/philbert/img/3-s.png]
[hencework.com/theme/philbert/img/4-s.png]
[hencework.com/theme/vendors/bower_components/jasny-bootstrap/dist/js/jasny-bootstrap.min.js]
[hencework.com/theme/philbert/full-width-light/dist/js/product-checkout-data.js]
[hencework.com/theme/philbert/full-width-light/product-checkout.html]
[hencework.com/theme/philbert/full-width-light/inbox-detail.html]
[hencework.com/theme/philbert/full-width-light/dist/js/dataTables-data.js]
[hencework.com/theme/philbert/full-width-light/contact-list.html]
[hencework.com/theme/philbert/full-width-light/file-manager.html]
[hencework.com/theme/philbert/full-width-light/todo-tasklist.html]
[hencework.com/theme/philbert/img/big/img4.jpg]
[hencework.com/theme/philbert/img/big/img5.jpg]
[hencework.com/theme/philbert/img/big/img6.jpg]
[hencework.com/theme/philbert/full-width-light/widgets.html]
[hencework.com/theme/philbert/full-width-light/panels-wells.html]
[hencework.com/theme/philbert/img/modals/model2.png]
[hencework.com/theme/philbert/img/modals/model.png]
[hencework.com/theme/philbert/img/modals/model3.png]
[hencework.com/theme/philbert/full-width-light/dist/js/modal-data.js]
[hencework.com/theme/philbert/full-width-light/modals.html]
[hencework.com/theme/philbert/img/sweetalert/alert.png]
[hencework.com/theme/philbert/img/sweetalert/alert2.png]
[hencework.com/theme/philbert/img/sweetalert/alert3.png]
[hencework.com/theme/philbert/img/sweetalert/alert4.png]
[hencework.com/theme/philbert/img/sweetalert/alert5.png]
[hencework.com/theme/philbert/img/sweetalert/alert7.png]
[hencework.com/theme/philbert/img/sweetalert/alert6.png]
[hencework.com/theme/philbert/full-width-light/sweetalert.html]
[hencework.com/theme/philbert/full-width-light/dist/js/toast-data.js]
[hencework.com/theme/philbert/full-width-light/notifications.html]
[hencework.com/theme/philbert/full-width-light/typography.html]
[hencework.com/theme/philbert/full-width-light/buttons.html]
[hencework.com/theme/philbert/full-width-light/accordion-toggle.html]
[hencework.com/theme/philbert/full-width-light/tabs.html]
[hencework.com/theme/philbert/full-width-light/progressbars.html]
[hencework.com/theme/philbert/full-width-light/skills-counter.html]
[hencework.com/theme/philbert/full-width-light/pricing.html]
[hencework.com/theme/vendors/bower_components/nestable2/jquery.nestable.js]
[hencework.com/theme/philbert/full-width-light/dist/js/nestable-data.js]
[hencework.com/theme/philbert/full-width-light/nestable.html]
[hencework.com/theme/philbert/full-width-light/dorpdown.html]
[hencework.com/theme/vendors/bower_components/bootstrap-treeview/dist/bootstrap-treeview.min.js]
[hencework.com/theme/philbert/full-width-light/dist/js/treeview-data.js]
[hencework.com/theme/philbert/full-width-light/bootstrap-treeview.html]
[hencework.com/theme/philbert/img/big/img1.jpg]
[hencework.com/theme/philbert/img/big/img2.jpg]
[hencework.com/theme/philbert/img/big/img3.jpg]
[hencework.com/theme/philbert/img/heading-bg/slide2.jpg]
[hencework.com/theme/philbert/img/heading-bg/slide3.jpg]
[hencework.com/theme/philbert/img/heading-bg/slide4.jpg]
[hencework.com/theme/philbert/img/heading-bg/slide6.jpg]
[hencework.com/theme/philbert/img/heading-bg/slide1.jpg]
[hencework.com/theme/philbert/full-width-light/dist/js/owl-data.js]
[hencework.com/theme/philbert/full-width-light/carousel.html]
[hencework.com/theme/vendors/bower_components/ion.rangeSlider/js/ion.rangeSlider.min.js]
[hencework.com/theme/philbert/full-width-light/dist/js/rangeslider-data.js]
[hencework.com/theme/philbert/full-width-light/range-slider.html]
[hencework.com/theme/philbert/full-width-light/grid-styles.html]
[hencework.com/theme/philbert/img/big/circle.jpg]
[hencework.com/theme/philbert/full-width-light/bootstrap-ui.html]
[hencework.com/theme/philbert/full-width-light/form-element.html]
[hencework.com/theme/philbert/full-width-light/form-layout.html]
[hencework.com/theme/vendors/bower_components/moment/min/moment-with-locales.min.js]
[hencework.com/theme/vendors/bower_components/mjolnic-bootstrap-colorpicker/dist/js/bootstrap-colorpicker.min.js]
[hencework.com/theme/vendors/bower_components/select2/dist/js/select2.full.min.js]
[hencework.com/theme/vendors/bower_components/bootstrap-tagsinput/dist/bootstrap-tagsinput.min.js]
[hencework.com/theme/vendors/bower_components/multiselect/js/jquery.multi-select.js]
[hencework.com/theme/vendors/bower_components/bootstrap-switch/dist/js/bootstrap-switch.min.js]
[hencework.com/theme/vendors/bower_components/eonasdan-bootstrap-datetimepicker/build/js/bootstrap-datetimepicker.min.js]
[hencework.com/theme/philbert/full-width-light/dist/js/form-advance-data.js]
[hencework.com/theme/philbert/full-width-light/form-advanced.html]
[hencework.com/theme/philbert/full-width-light/form-mask.html]
[hencework.com/theme/vendors/bower_components/bootstrap-daterangepicker/daterangepicker.js]
[hencework.com/theme/philbert/full-width-light/dist/js/form-picker-data.js]
[hencework.com/theme/philbert/full-width-light/form-picker.html]
[hencework.com/theme/vendors/bower_components/bootstrap-validator/dist/validator.min.js]
[hencework.com/theme/philbert/full-width-light/form-validation.html]
[ajax.aspnetcdn.com/ajax/jquery.validate/1.15.0/jquery.validate.min.js]
[hencework.com/theme/philbert/full-width-light/dist/js/form-wizard-data.js]
[hencework.com/theme/philbert/full-width-light/form-wizard.html]
[hencework.com/theme/vendors/bower_components/x-editable/dist/bootstrap3-editable/js/bootstrap-editable.min.js]
[hencework.com/theme/philbert/full-width-light/dist/js/form-xeditable-data.js]
[hencework.com/theme/philbert/full-width-light/form-x-editable.html]
[hencework.com/theme/philbert/img/cropper.jpg]
[hencework.com/theme/vendors/bower_components/cropperjs/dist/cropper.min.js]
[hencework.com/theme/philbert/full-width-light/dist/js/cropperjs-data.js]
[hencework.com/theme/philbert/full-width-light/cropperjs.html]
[hencework.com/theme/vendors/bower_components/dropify/src/images/test-image-1.jpg]
[hencework.com/theme/vendors/bower_components/dropify/src/images/test-image-2.jpg]
[hencework.com/theme/vendors/bower_components/dropify/dist/js/dropify.min.js]
[hencework.com/theme/philbert/full-width-light/dist/js/form-file-upload-data.js]
[hencework.com/theme/philbert/full-width-light/form-file-upload.html]
[hencework.com/theme/vendors/bower_components/dropzone/dist/dropzone.js]
[hencework.com/theme/philbert/full-width-light/dist/js/dropzone-data.js]
[hencework.com/theme/philbert/full-width-light/dropzone.html]
[hencework.com/theme/philbert/full-width-light/bootstrap-wysihtml5.html]
[hencework.com/theme/vendors/bower_components/tinymce/tinymce.min.js]
[hencework.com/theme/philbert/full-width-light/dist/js/tinymce-data.js]
[hencework.com/theme/philbert/full-width-light/tinymce-wysihtml5.html]
[hencework.com/theme/vendors/bower_components/summernote/dist/summernote.min.js]
[hencework.com/theme/philbert/full-width-light/dist/js/summernote-data.js]
[hencework.com/theme/philbert/full-width-light/summernote-wysihtml5.html]
[hencework.com/theme/vendors/bower_components/typeahead.js/dist/typeahead.bundle.min.js]
[hencework.com/theme/philbert/full-width-light/dist/js/typeahead-js-data.js]
[hencework.com/theme/philbert/full-width-light/typeahead-js.html]
[hencework.com/theme/philbert/full-width-light/flot-chart.html]
[hencework.com/theme/philbert/full-width-light/morris-chart.html]
[hencework.com/theme/philbert/full-width-light/dist/js/chartjs-data.js]
[hencework.com/theme/philbert/full-width-light/chart.js.html]
[hencework.com/theme/philbert/full-width-light/chartist.html]
[hencework.com/theme/philbert/full-width-light/dist/js/easypiechart-data.js]
[hencework.com/theme/philbert/full-width-light/easy-pie-chart.html]
[hencework.com/theme/philbert/full-width-light/dist/js/sparkline-data.js]
[hencework.com/theme/philbert/full-width-light/sparkline.html]
[hencework.com/theme/philbert/full-width-light/peity-chart.html]
[hencework.com/theme/philbert/full-width-light/basic-table.html]
[hencework.com/theme/vendors/bower_components/bootstrap-table/dist/bootstrap-table.min.js]
[hencework.com/theme/philbert/full-width-light/dist/js/bootstrap-table-data.js]
[hencework.com/theme/philbert/full-width-light/bootstrap-table.html]
[hencework.com/theme/philbert/full-width-light/data-table.html]
[hencework.com/theme/vendors/bower_components/datatables.net-buttons/js/dataTables.buttons.min.js]
[hencework.com/theme/vendors/bower_components/datatables.net-buttons/js/buttons.flash.min.js]
[hencework.com/theme/vendors/bower_components/jszip/dist/jszip.min.js]
[hencework.com/theme/vendors/bower_components/pdfmake/build/pdfmake.min.js]
[hencework.com/theme/vendors/bower_components/pdfmake/build/vfs_fonts.js]
[hencework.com/theme/vendors/bower_components/datatables.net-buttons/js/buttons.html5.min.js]
[hencework.com/theme/vendors/bower_components/datatables.net-buttons/js/buttons.print.min.js]
[hencework.com/theme/philbert/full-width-light/dist/js/export-table-data.js]
[hencework.com/theme/philbert/full-width-light/export-table.html]
[hencework.com/theme/vendors/bower_components/datatables.net-responsive/js/dataTables.responsive.min.js]
[hencework.com/theme/philbert/full-width-light/dist/js/responsive-datatable-data.js]
[hencework.com/theme/philbert/full-width-light/responsive-data-table.html]
[hencework.com/theme/vendors/bower_components/filament-tablesaw/dist/tablesaw.js]
[hencework.com/theme/philbert/full-width-light/dist/js/tablesaw-data.js]
[hencework.com/theme/philbert/full-width-light/responsive-table.html]
[hencework.com/theme/vendors/bower_components/editable-table/mindmup-editabletable.js]
[hencework.com/theme/vendors/bower_components/editable-table/numeric-input-example.js]
[hencework.com/theme/philbert/full-width-light/dist/js/editable-table-data.js]
[hencework.com/theme/philbert/full-width-light/editable-table.html]
[hencework.com/theme/vendors/bower_components/FooTable/compiled/footable.min.js]
[hencework.com/theme/philbert/full-width-light/dist/js/footable-data.js]
[hencework.com/theme/philbert/full-width-light/foo-table.html]
[hencework.com/theme/philbert/full-width-light/dist/js/db.js]
[hencework.com/theme/vendors/bower_components/jsgrid/dist/jsgrid.min.js]
[hencework.com/theme/philbert/full-width-light/dist/js/jsgrid-data.js]
[hencework.com/theme/philbert/full-width-light/jsgrid-table.html]
[hencework.com/theme/philbert/full-width-light/fontawesome.html]
[hencework.com/theme/philbert/full-width-light/themify.html]
[hencework.com/theme/philbert/full-width-light/linea-icon.html]
[hencework.com/theme/philbert/full-width-light/simple-line-icons.html]
[hencework.com/theme/philbert/full-width-light/pe-icon-7.html]
[hencework.com/theme/philbert/full-width-light/glyphicons.html]
[hencework.com/theme/philbert/full-width-light/dist/js/gmap-data.js]
[hencework.com/theme/philbert/full-width-light/google-map.html]
[hencework.com/theme/philbert/full-width-light/blank.html]
[hencework.com/theme/philbert/full-width-light/login.html]
[hencework.com/theme/philbert/full-width-light/signup.html]
[hencework.com/theme/philbert/full-width-light/forgot-password.html]
[hencework.com/theme/philbert/full-width-light/reset-password.html]
[hencework.com/theme/philbert/full-width-light/locked.html]
[hencework.com/theme/philbert/full-width-light/invoice.html]
[hencework.com/theme/philbert/full-width-light/invoice-archive.html]
[hencework.com/theme/philbert/full-width-light/404.html]
[hencework.com/theme/philbert/full-width-light/500.html]
[hencework.com/theme/philbert/img/gallery/mock2.jpg]
[hencework.com/theme/philbert/img/gallery/mock3.jpg]
[hencework.com/theme/philbert/img/gallery/mock5.jpg]
[hencework.com/theme/philbert/img/gallery/mock6.jpg]
[hencework.com/theme/philbert/full-width-light/gallery.html]
[hencework.com/theme/philbert/full-width-light/timeline.html]
[hencework.com/theme/philbert/full-width-light/faq.html]
[hencework.com/theme/philbert/full-width-light/documentation.html]
[hencework.com/theme/vendors/bower_components/bootstrap/dist/css/bootstrap.min.css]
[hencework.com/theme/philbert/full-width-light/dist/fonts/fontawesome/fontawesome-webfont5b62.eot]
[hencework.com/theme/philbert/full-width-light/dist/fonts/fontawesome/fontawesome-webfontd41d.eot]
[hencework.com/theme/philbert/full-width-light/dist/fonts/fontawesome/fontawesome-webfont5b62.woff2]
[hencework.com/theme/philbert/full-width-light/dist/fonts/fontawesome/fontawesome-webfont5b62.woff]
[hencework.com/theme/philbert/full-width-light/dist/fonts/fontawesome/fontawesome-webfont5b62.ttf]
[hencework.com/theme/philbert/full-width-light/dist/css/font-awesome.min.css]
[hencework.com/theme/philbert/full-width-light/dist/fonts/themify-icons/themify9f24.eot]
[hencework.com/theme/philbert/full-width-light/dist/fonts/themify-icons/themifyd41d.eot]
[hencework.com/theme/philbert/full-width-light/dist/fonts/themify-icons/themify9f24.woff]
[hencework.com/theme/philbert/full-width-light/dist/fonts/themify-icons/themify9f24.ttf]
[hencework.com/theme/philbert/full-width-light/dist/css/themify-icons.css]
[hencework.com/theme/philbert/full-width-light/dist/css/animate.css]
[hencework.com/theme/philbert/full-width-light/dist/fonts/simple-line-icons/Simple-Line-Icons4c824c82.eot]
[hencework.com/theme/philbert/full-width-light/dist/fonts/simple-line-icons/Simple-Line-Iconsd41dd41d.eot]
[hencework.com/theme/philbert/full-width-light/dist/fonts/simple-line-icons/Simple-Line-Icons4c824c82.ttf]
[hencework.com/theme/philbert/full-width-light/dist/fonts/simple-line-icons/Simple-Line-Icons4c824c82.woff2]
[hencework.com/theme/philbert/full-width-light/dist/fonts/simple-line-icons/Simple-Line-Icons4c824c82.woff]
[hencework.com/theme/philbert/full-width-light/dist/css/simple-line-icons.css]
[hencework.com/theme/philbert/full-width-light/dist/fonts/linea-icons/linea-arrows-10.eot]
[hencework.com/theme/philbert/full-width-light/dist/fonts/linea-icons/linea-arrows-10d41dd41d.eot]
[hencework.com/theme/philbert/full-width-light/dist/fonts/linea-icons/linea-arrows-10.woff]
[hencework.com/theme/philbert/full-width-light/dist/fonts/linea-icons/linea-arrows-10.ttf]
[hencework.com/theme/philbert/full-width-light/dist/fonts/linea-icons/linea-basic-10.eot]
[hencework.com/theme/philbert/full-width-light/dist/fonts/linea-icons/linea-basic-10d41dd41d.eot]
[hencework.com/theme/philbert/full-width-light/dist/fonts/linea-icons/linea-basic-10.woff]
[hencework.com/theme/philbert/full-width-light/dist/fonts/linea-icons/linea-basic-10.ttf]
[hencework.com/theme/philbert/full-width-light/dist/fonts/linea-icons/linea-basic-elaboration-10.eot]
[hencework.com/theme/philbert/full-width-light/dist/fonts/linea-icons/linea-basic-elaboration-10d41dd41d.eot]
[hencework.com/theme/philbert/full-width-light/dist/fonts/linea-icons/linea-basic-elaboration-10.woff]
[hencework.com/theme/philbert/full-width-light/dist/fonts/linea-icons/linea-basic-elaboration-10.ttf]
[hencework.com/theme/philbert/full-width-light/dist/fonts/linea-icons/linea-ecommerce-10.eot]
[hencework.com/theme/philbert/full-width-light/dist/fonts/linea-icons/linea-ecommerce-10d41dd41d.eot]
[hencework.com/theme/philbert/full-width-light/dist/fonts/linea-icons/linea-ecommerce-10.woff]
[hencework.com/theme/philbert/full-width-light/dist/fonts/linea-icons/linea-ecommerce-10.ttf]
[hencework.com/theme/philbert/full-width-light/dist/fonts/linea-icons/linea-music-10.eot]
[hencework.com/theme/philbert/full-width-light/dist/fonts/linea-icons/linea-music-10d41dd41d.eot]
[hencework.com/theme/philbert/full-width-light/dist/fonts/linea-icons/linea-music-10.woff]
[hencework.com/theme/philbert/full-width-light/dist/fonts/linea-icons/linea-music-10.ttf]
[hencework.com/theme/philbert/full-width-light/dist/fonts/linea-icons/linea-software-10.eot]
[hencework.com/theme/philbert/full-width-light/dist/fonts/linea-icons/linea-software-10d41dd41d.eot]
[hencework.com/theme/philbert/full-width-light/dist/fonts/linea-icons/linea-software-10.woff]
[hencework.com/theme/philbert/full-width-light/dist/fonts/linea-icons/linea-software-10.ttf]
[hencework.com/theme/philbert/full-width-light/dist/fonts/linea-icons/linea-weather-10.eot]
[hencework.com/theme/philbert/full-width-light/dist/fonts/linea-icons/linea-weather-10d41dd41d.eot]
[hencework.com/theme/philbert/full-width-light/dist/fonts/linea-icons/linea-weather-10.woff]
[hencework.com/theme/philbert/full-width-light/dist/fonts/linea-icons/linea-weather-10.ttf]
[hencework.com/theme/philbert/full-width-light/dist/css/linea-icon.css]
[hencework.com/theme/philbert/full-width-light/dist/fonts/pe-icon-7/Pe-icon-7-strokebb1d.eot]
[hencework.com/theme/philbert/full-width-light/dist/fonts/pe-icon-7/Pe-icon-7-stroked41d.eot]
[hencework.com/theme/philbert/full-width-light/dist/fonts/pe-icon-7/Pe-icon-7-strokebb1d.woff]
[hencework.com/theme/philbert/full-width-light/dist/fonts/pe-icon-7/Pe-icon-7-strokebb1d.ttf]
[hencework.com/theme/philbert/full-width-light/dist/css/pe-icon-7-stroke.css]
[hencework.com/theme/philbert/full-width-light/dist/css/pe-icon-7-styles.css]
[hencework.com/theme/philbert/full-width-light/dist/fonts/material-design-iconic-font/Material-Design-Iconic-Fontd1f1.woff2]
[hencework.com/theme/philbert/full-width-light/dist/fonts/material-design-iconic-font/Material-Design-Iconic-Fontd1f1.woff]
[hencework.com/theme/philbert/full-width-light/dist/fonts/material-design-iconic-font/Material-Design-Iconic-Fontd1f1.ttf]
[hencework.com/theme/philbert/full-width-light/dist/css/material-design-iconic-font.min.css]
[hencework.com/theme/philbert/full-width-light/dist/css/filter.css]
[hencework.com/theme/vendors/bower_components/owl.carousel/dist/assets/owl.video.play.png]
[hencework.com/theme/vendors/bower_components/owl.carousel/dist/assets/owl.carousel.min.css]
[hencework.com/theme/vendors/bower_components/owl.carousel/dist/assets/owl.theme.default.min.css]
[hencework.com/theme/philbert/full-width-light/dist/fonts/lg/lgd641.woff]
[hencework.com/theme/philbert/img/vimeo-play.png]
[hencework.com/theme/philbert/img/video-play.png]
[hencework.com/theme/philbert/img/youtube-play.png]
[hencework.com/theme/philbert/full-width-light/dist/css/lightgallery.css]
[hencework.com/theme/vendors/bower_components/awesome-bootstrap-checkbox/awesome-bootstrap-checkbox.css]
[hencework.com/theme/philbert/full-width-light/dist/img/range/sprite-skin-modern.html]
[hencework.com/theme/philbert/full-width-light/dist/img/gallery/mock6.html]
[hencework.com/theme/philbert/full-width-light/dist/img/errorbg.html]
[hencework.com/theme/vendors/bower_components/fullcalendar/dist/fullcalendar.css]
[hencework.com/theme/vendors/bower_components/bootstrap3-wysihtml5-bower/dist/bootstrap3-wysihtml5.css]
[hencework.com/theme/vendors/bower_components/bootstrap-switch/dist/css/bootstrap3/bootstrap-switch.min.css]
[hencework.com/theme/vendors/bower_components/sweetalert/dist/sweetalert.css]
[hencework.com/theme/vendors/bower_components/jquery.steps/demo/css/jquery.steps.css]
[hencework.com/theme/vendors/bower_components/bootstrap-touchspin/dist/jquery.bootstrap-touchspin.min.css]
[hencework.com/theme/vendors/bower_components/jquery-wizard.js/css/wizard.css]
[hencework.com/theme/philbert/full-width-light/dist/img/gallery/equal-size/mock1.html]
[hencework.com/theme/philbert/full-width-light/dist/img/gallery/equal-size/mock2.html]
[hencework.com/theme/philbert/full-width-light/dist/img/gallery/equal-size/mock3.html]
[hencework.com/theme/philbert/full-width-light/dist/img/gallery/mock1.html]
[hencework.com/theme/philbert/full-width-light/dist/img/gallery/mock2.html]
[hencework.com/theme/philbert/full-width-light/dist/img/gallery/mock3.html]
[hencework.com/theme/philbert/full-width-light/dist/img/gallery/equal-size/mock6.html]
[hencework.com/theme/philbert/full-width-light/dist/img/gallery/equal-size/mock5.html]
[hencework.com/theme/philbert/full-width-light/dist/img/gallery/equal-size/mock4.html]
[hencework.com/theme/vendors/bower_components/summernote/dist/font/summernotef534.eot]
[hencework.com/theme/vendors/bower_components/summernote/dist/font/summernoted41d.eot]
[hencework.com/theme/vendors/bower_components/summernote/dist/font/summernotef534.woff]
[hencework.com/theme/vendors/bower_components/summernote/dist/font/summernotef534.ttf]
[hencework.com/theme/vendors/bower_components/summernote/dist/summernote.css]
[hencework.com/theme/philbert/full-width-light/dist/css/fancy-buttons.css]
[hencework.com/theme/philbert/img/logo-sm.html]
[hencework.com/theme/vendors/bower_components/nestable2/jquery.nestable.css]
[hencework.com/theme/vendors/bower_components/bootstrap-treeview/dist/bootstrap-treeview.min.css]
[hencework.com/theme/vendors/bower_components/ion.rangeSlider/css/ion.rangeSlider.css]
[hencework.com/theme/vendors/bower_components/ion.rangeSlider/img/sprite-skin-modern.png]
[hencework.com/theme/vendors/bower_components/ion.rangeSlider/css/ion.rangeSlider.skinModern.css]
[hencework.com/theme/vendors/bower_components/jasny-bootstrap/dist/css/jasny-bootstrap.min.css]
[hencework.com/theme/vendors/bower_components/mjolnic-bootstrap-colorpicker/dist/img/bootstrap-colorpicker/saturation.png]
[hencework.com/theme/vendors/bower_components/mjolnic-bootstrap-colorpicker/dist/img/bootstrap-colorpicker/hue.png]
[hencework.com/theme/vendors/bower_components/mjolnic-bootstrap-colorpicker/dist/img/bootstrap-colorpicker/alpha.png]
[hencework.com/theme/vendors/bower_components/mjolnic-bootstrap-colorpicker/dist/img/bootstrap-colorpicker/hue-horizontal.png]
[hencework.com/theme/vendors/bower_components/mjolnic-bootstrap-colorpicker/dist/img/bootstrap-colorpicker/alpha-horizontal.png]
[hencework.com/theme/vendors/bower_components/mjolnic-bootstrap-colorpicker/dist/css/bootstrap-colorpicker.min.css]
[hencework.com/theme/vendors/bower_components/select2/dist/css/select2.min.css]
[hencework.com/theme/vendors/bower_components/bootstrap-tagsinput/dist/bootstrap-tagsinput.css]
[hencework.com/theme/vendors/bower_components/multiselect/img/switch.png]
[hencework.com/theme/vendors/bower_components/multiselect/css/multi-select.css]
[hencework.com/theme/vendors/bower_components/eonasdan-bootstrap-datetimepicker/build/css/bootstrap-datetimepicker.min.css]
[hencework.com/theme/vendors/bower_components/bootstrap-daterangepicker/daterangepicker.css]
[hencework.com/theme/vendors/bower_components/x-editable/dist/bootstrap3-editable/img/loading.gif]
[hencework.com/theme/vendors/bower_components/x-editable/dist/bootstrap3-editable/img/clear.png]
[hencework.com/theme/vendors/bower_components/x-editable/dist/bootstrap3-editable/css/bootstrap-editable.css]
[hencework.com/theme/vendors/bower_components/cropperjs/dist/cropper.min.css]
[hencework.com/theme/philbert/full-width-light/cropped.html]
[hencework.com/theme/vendors/bower_components/dropify/dist/css/dropify.min.css]
[hencework.com/theme/vendors/bower_components/dropzone/dist/dropzone.css]
[hencework.com/theme/vendors/bower_components/bootstrap-table/dist/bootstrap-table.css]
[hencework.com/theme/vendors/bower_components/datatables.net-responsive/css/responsive.dataTables.min.css]
[hencework.com/theme/vendors/bower_components/filament-tablesaw/dist/tablesaw.css]
[hencework.com/theme/vendors/bower_components/FooTable/compiled/footable.bootstrap.min.css]
[hencework.com/theme/vendors/bower_components/jsgrid/dist/jsgrid.min.css]
[hencework.com/theme/vendors/bower_components/jsgrid/dist/jsgrid-theme.min.css]
[hencework.com/theme/philbert/full-width-light/dist/css/perfect-scrollbar.min.html]
[hencework.com/theme/philbert/full-width-light/simplelineicons.html]
[hencework.com/theme/philbert/full-width-light/dist/fonts/fontawesome/fontawesome-webfont5b62.svg]
[hencework.com/theme/philbert/full-width-light/dist/fonts/themify-icons/themify9f24.svg]
[hencework.com/theme/philbert/full-width-light/dist/fonts/simple-line-icons/Simple-Line-Icons4c824c82.svg]
[hencework.com/theme/philbert/full-width-light/dist/fonts/linea-icons/linea-arrows-10.svg]
[hencework.com/theme/philbert/full-width-light/dist/fonts/linea-icons/linea-basic-10.svg]
[hencework.com/theme/philbert/full-width-light/dist/fonts/linea-icons/linea-basic-elaboration-10.svg]
[hencework.com/theme/philbert/full-width-light/dist/fonts/linea-icons/linea-ecommerce-10.svg]
[hencework.com/theme/philbert/full-width-light/dist/fonts/linea-icons/linea-music-10.svg]
[hencework.com/theme/philbert/full-width-light/dist/fonts/linea-icons/linea-software-10.svg]
[hencework.com/theme/philbert/full-width-light/dist/fonts/linea-icons/linea-weather-10.svg]
[hencework.com/theme/philbert/full-width-light/dist/fonts/pe-icon-7/Pe-icon-7-strokebb1d.svg]
[hencework.com/theme/philbert/full-width-light/dist/fonts/lg/lgd641.html]
[hencework.com/theme/philbert/full-width-light/dist/fonts/lg/lgd41d.html]
[hencework.com/theme/philbert/full-width-light/dist/fonts/lgd641.html]
[hencework.com/theme/philbert/full-width-light/dist/fonts/lgd641-2.html]
[hencework.com/theme/philbert/full-width-light/dist/fonts/lgd41d.html]
[hencework.com/theme/philbert/full-width-light/dist/fonts/lgd641-3.html]
[hencework.com/theme/philbert/img/loading.html]
